# this is the testing section of foo
foo:
    bar: bar
