imports:
    - { resource: parameters.yml }
    - { resource: security.yml }
    - { resource: services.yml }
    - { resource: config/assetic.yml }
    - { resource: config/doctrine.yml }
    - { resource: config/foo.yml }
    - { resource: config/framework.yml }
    - { resource: config/parameters.yml }
    - { resource: config/swiftmailer.yml }
    - { resource: config/twig.yml }
