# Please do not edit this file manually. Manual edits will be lost during construction-kit related commands.
imports:
    - { resource: config/new_config.yml }
